{
    "Project": {
        "Type": 0,
        "IsOnHold": true,
        "IsBudgetReviewed": true,
        "ItemsToDo": 5,
        "BudgetRemaining": 1000,
        "TimeToDeadline": {
            "Ticks": 0,
            "Days": 0,
            "Hours": 0,
            "Milliseconds": 0,
            "Minutes": 0,
            "Seconds": 0,
            "TotalDays": 0,
            "TotalHours": 0,
            "TotalMilliseconds": 0,
            "TotalMinutes": 0,
            "TotalSeconds": 0
        },
        "SendNotification": true
    },
    "Result": "Not enough funds."
}