digraph G {
"[1] FinishedDecision" -> "[2] FinishResult" [label = "True"]
"[2] FinishResult" [style = "filled" penwidth = 1 fillcolor = "#28a745" fontname = "Courier New" shape = "Mrecord" label = <<table border="0" cellborder="0" cellpadding="3" bgcolor="#28a745"><tr><td bgcolor="#28a745" align="center"><font color="white">[2] FinishResult</font></td></tr><tr><td bgcolor="white" cellpadding="1"></td></tr><tr><td align="left"><font color="white">dto =&gt; dto</font></td></tr><tr><td align="left"><font color="white">.SetResult(&quot;Project is finished.&quot;)</font></td></tr></table>>]
"[1] FinishedDecision" -> "[3] False FinishedDecision - SendNotificationAction" [label = "False"]
"[3] False FinishedDecision - SendNotificationAction" -> "[4] IsOnHoldDecision" [label = "False"]
"[4] IsOnHoldDecision" -> "[5] DoNothingResult" [label = "True"]
"[5] DoNothingResult" [style = "filled" penwidth = 1 fillcolor = "#343a40" fontname = "Courier New" shape = "Mrecord" label = <<table border="0" cellborder="0" cellpadding="3" bgcolor="#343a40"><tr><td bgcolor="#343a40" align="center"><font color="white">[5] DoNothingResult</font></td></tr></table>>]
"[4] IsOnHoldDecision" -> "[6] ProjectTypeDecision" [label = "False"]
"[6] ProjectTypeDecision" -> "[7] Internal ProjectTypeDecision - SendNotificationAction" [label = "Internal"]
"[7] Internal ProjectTypeDecision - SendNotificationAction" -> "[8] ResetInternalAction" [label = "Internal"]
"[8] ResetInternalAction" -> "[9] DoNothingResult" [label = "Internal"]
"[9] DoNothingResult" [style = "filled" penwidth = 1 fillcolor = "#343a40" fontname = "Courier New" shape = "Mrecord" label = <<table border="0" cellborder="0" cellpadding="3" bgcolor="#343a40"><tr><td bgcolor="#343a40" align="center"><font color="white">[9] DoNothingResult</font></td></tr></table>>]
"[8] ResetInternalAction" [style = "filled" penwidth = 1 fillcolor = "#6c757d" fontname = "Courier New" shape = "Mrecord" label = <<table border="0" cellborder="0" cellpadding="3" bgcolor="#6c757d"><tr><td bgcolor="#6c757d" align="center"><font color="white">[8] ResetInternalAction</font></td></tr><tr><td bgcolor="white" cellpadding="1"></td></tr><tr><td align="left"><font color="white">dto =&gt; dto</font></td></tr><tr><td align="left"><font color="white">.SetItemsToDo(0)</font></td></tr><tr><td align="left"><font color="white">.SetBudgetRemaining(0)</font></td></tr></table>>]
"[7] Internal ProjectTypeDecision - SendNotificationAction" [style = "filled" penwidth = 1 fillcolor = "#6c757d" fontname = "Courier New" shape = "Mrecord" label = <<table border="0" cellborder="0" cellpadding="3" bgcolor="#6c757d"><tr><td bgcolor="#6c757d" align="center"><font color="white">[7] Internal ProjectTypeDecision - SendNotificationAction</font></td></tr><tr><td bgcolor="white" cellpadding="1"></td></tr><tr><td align="left"><font color="white">dto =&gt; dto</font></td></tr><tr><td align="left"><font color="white">.SetSendNotification(True)</font></td></tr></table>>]
"[6] ProjectTypeDecision" -> "[10] ToDoDecision" [label = "#default_option"]
"[10] ToDoDecision" -> "[11] DeadlineDecision" [label = "True"]
"[11] DeadlineDecision" -> "[12] MoveDeadlineResult" [label = "True"]
"[12] MoveDeadlineResult" [style = "filled" penwidth = 1 fillcolor = "#28a745" fontname = "Courier New" shape = "Mrecord" label = <<table border="0" cellborder="0" cellpadding="3" bgcolor="#28a745"><tr><td bgcolor="#28a745" align="center"><font color="white">[12] MoveDeadlineResult</font></td></tr><tr><td bgcolor="white" cellpadding="1"></td></tr><tr><td align="left"><font color="white">dto =&gt; dto</font></td></tr><tr><td align="left"><font color="white">.SetResult(&quot;Timeline reevaluation needed.&quot;)</font></td></tr></table>>]
"[11] DeadlineDecision" -> "[13] BudgetDecision" [label = "False"]
"[13] BudgetDecision" -> "[14] RequestBudgetResult" [label = "True"]
"[14] RequestBudgetResult" [style = "filled" penwidth = 1 fillcolor = "#28a745" fontname = "Courier New" shape = "Mrecord" label = <<table border="0" cellborder="0" cellpadding="3" bgcolor="#28a745"><tr><td bgcolor="#28a745" align="center"><font color="white">[14] RequestBudgetResult</font></td></tr><tr><td bgcolor="white" cellpadding="1"></td></tr><tr><td align="left"><font color="white">dto =&gt; dto</font></td></tr><tr><td align="left"><font color="white">.SetResult(&quot;Not enough funds.&quot;)</font></td></tr><tr><td align="left"><font color="white">.SetIsOnHold(True)</font></td></tr></table>>]
"[13] BudgetDecision" -> "[15] DoNothingResult" [label = "False"]
"[15] DoNothingResult" [style = "filled" penwidth = 1 fillcolor = "#343a40" fontname = "Courier New" shape = "Mrecord" label = <<table border="0" cellborder="0" cellpadding="3" bgcolor="#343a40"><tr><td bgcolor="#343a40" align="center"><font color="white">[15] DoNothingResult</font></td></tr></table>>]
"[13] BudgetDecision" [style = "filled" penwidth = 1 fillcolor = "#007bff" fontname = "Courier New" shape = "Mrecord" label = <<table border="0" cellborder="0" cellpadding="3" bgcolor="#007bff"><tr><td bgcolor="#007bff" align="center"><font color="white">[13] BudgetDecision</font></td></tr><tr><td bgcolor="white" cellpadding="1"></td></tr><tr><td align="left"><font color="white">dto =&gt; (dto.Project.BudgetRemaining &lt; (dto.Project.ItemsToDo * 1000))</font></td></tr><tr><td bgcolor="white" cellpadding="1"></td></tr><tr><td align="left"><font color="white">dto =&gt; dto</font></td></tr><tr><td align="left"><font color="white">.SetIsBudgetReviewed(True)</font></td></tr></table>>]
"[11] DeadlineDecision" [style = "filled" penwidth = 1 fillcolor = "#17a2b8" fontname = "Courier New" shape = "Mrecord" label = <<table border="0" cellborder="0" cellpadding="3" bgcolor="#17a2b8"><tr><td bgcolor="#17a2b8" align="center"><font color="white">[11] DeadlineDecision</font></td></tr><tr><td bgcolor="white" cellpadding="1"></td></tr><tr><td align="left"><font color="white">dto =&gt; (dto.Project.TimeToDeadline.Days &lt; 7)</font></td></tr></table>>]
"[10] ToDoDecision" -> "[16] BudgetDecision" [label = "False"]
"[16] BudgetDecision" -> "[17] RequestBudgetResult" [label = "True"]
"[17] RequestBudgetResult" [style = "filled" penwidth = 1 fillcolor = "#28a745" fontname = "Courier New" shape = "Mrecord" label = <<table border="0" cellborder="0" cellpadding="3" bgcolor="#28a745"><tr><td bgcolor="#28a745" align="center"><font color="white">[17] RequestBudgetResult</font></td></tr><tr><td bgcolor="white" cellpadding="1"></td></tr><tr><td align="left"><font color="white">dto =&gt; dto</font></td></tr><tr><td align="left"><font color="white">.SetResult(&quot;Not enough funds.&quot;)</font></td></tr><tr><td align="left"><font color="white">.SetIsOnHold(True)</font></td></tr></table>>]
"[16] BudgetDecision" -> "[18] DoNothingResult" [label = "False"]
"[18] DoNothingResult" [style = "filled" penwidth = 1 fillcolor = "#343a40" fontname = "Courier New" shape = "Mrecord" label = <<table border="0" cellborder="0" cellpadding="3" bgcolor="#343a40"><tr><td bgcolor="#343a40" align="center"><font color="white">[18] DoNothingResult</font></td></tr></table>>]
"[16] BudgetDecision" [style = "filled" penwidth = 1 fillcolor = "#007bff" fontname = "Courier New" shape = "Mrecord" label = <<table border="0" cellborder="0" cellpadding="3" bgcolor="#007bff"><tr><td bgcolor="#007bff" align="center"><font color="white">[16] BudgetDecision</font></td></tr><tr><td bgcolor="white" cellpadding="1"></td></tr><tr><td align="left"><font color="white">dto =&gt; (dto.Project.BudgetRemaining &lt; (dto.Project.ItemsToDo * 1000))</font></td></tr><tr><td bgcolor="white" cellpadding="1"></td></tr><tr><td align="left"><font color="white">dto =&gt; dto</font></td></tr><tr><td align="left"><font color="white">.SetIsBudgetReviewed(True)</font></td></tr></table>>]
"[10] ToDoDecision" [style = "filled" penwidth = 1 fillcolor = "#17a2b8" fontname = "Courier New" shape = "Mrecord" label = <<table border="0" cellborder="0" cellpadding="3" bgcolor="#17a2b8"><tr><td bgcolor="#17a2b8" align="center"><font color="white">[10] ToDoDecision</font></td></tr><tr><td bgcolor="white" cellpadding="1"></td></tr><tr><td align="left"><font color="white">dto =&gt; (dto.Project.ItemsToDo &gt; 10)</font></td></tr></table>>]
"[6] ProjectTypeDecision" [style = "filled" penwidth = 1 fillcolor = "#17a2b8" fontname = "Courier New" shape = "Mrecord" label = <<table border="0" cellborder="0" cellpadding="3" bgcolor="#17a2b8"><tr><td bgcolor="#17a2b8" align="center"><font color="white">[6] ProjectTypeDecision</font></td></tr><tr><td bgcolor="white" cellpadding="1"></td></tr><tr><td align="left"><font color="white">dto =&gt; dto.Project.Type</font></td></tr></table>>]
"[4] IsOnHoldDecision" [style = "filled" penwidth = 1 fillcolor = "#17a2b8" fontname = "Courier New" shape = "Mrecord" label = <<table border="0" cellborder="0" cellpadding="3" bgcolor="#17a2b8"><tr><td bgcolor="#17a2b8" align="center"><font color="white">[4] IsOnHoldDecision</font></td></tr><tr><td bgcolor="white" cellpadding="1"></td></tr><tr><td align="left"><font color="white">dto =&gt; dto.Project.IsOnHold</font></td></tr></table>>]
"[3] False FinishedDecision - SendNotificationAction" [style = "filled" penwidth = 1 fillcolor = "#6c757d" fontname = "Courier New" shape = "Mrecord" label = <<table border="0" cellborder="0" cellpadding="3" bgcolor="#6c757d"><tr><td bgcolor="#6c757d" align="center"><font color="white">[3] False FinishedDecision - SendNotificationAction</font></td></tr><tr><td bgcolor="white" cellpadding="1"></td></tr><tr><td align="left"><font color="white">dto =&gt; dto</font></td></tr><tr><td align="left"><font color="white">.SetSendNotification(True)</font></td></tr></table>>]
"[1] FinishedDecision" [style = "filled" penwidth = 1 fillcolor = "#17a2b8" fontname = "Courier New" shape = "Mrecord" label = <<table border="0" cellborder="0" cellpadding="3" bgcolor="#17a2b8"><tr><td bgcolor="#17a2b8" align="center"><font color="white">[1] FinishedDecision</font></td></tr><tr><td bgcolor="white" cellpadding="1"></td></tr><tr><td align="left"><font color="white">dto =&gt; (dto.Project.ItemsToDo == 0)</font></td></tr></table>>]
}