digraph G {
rankdir = LR;
"FinishedDecision" -> "FinishResult" [label = "True"]
"FinishResult" [style = "filled" penwidth = 1 fillcolor = "#28a745" fontname = "Courier New" shape = "Mrecord" label = <<table border="0" cellborder="0" cellpadding="3" bgcolor="#28a745"><tr><td bgcolor="#28a745" align="center"><font color="white">FinishResult</font></td></tr><tr><td bgcolor="white" cellpadding="1"></td></tr><tr><td align="left"><font color="white">dto =&gt; dto</font></td></tr><tr><td align="left"><font color="white">.SetResult(\&quot;Project is finished.\&quot;)</font></td></tr></table>>]
"FinishedDecision" -> "IsOnHoldDecision" [label = "False"]
"IsOnHoldDecision" -> "DoNothingResult" [label = "True"]
"DoNothingResult" [style = "filled" penwidth = 1 fillcolor = "#343a40" fontname = "Courier New" shape = "Mrecord" label = <<table border="0" cellborder="0" cellpadding="3" bgcolor="#343a40"><tr><td bgcolor="#343a40" align="center"><font color="white">DoNothingResult</font></td></tr></table>>]
"IsOnHoldDecision" -> "ProjectTypeDecision" [label = "False"]
"ProjectTypeDecision" -> "ResetInternalAction" [label = "Internal"]
"ResetInternalAction" -> "DoNothingResult" [label = "Internal"]
"ResetInternalAction" [style = "filled" penwidth = 1 fillcolor = "#6c757d" fontname = "Courier New" shape = "Mrecord" label = <<table border="0" cellborder="0" cellpadding="3" bgcolor="#6c757d"><tr><td bgcolor="#6c757d" align="center"><font color="white">ResetInternalAction</font></td></tr><tr><td bgcolor="white" cellpadding="1"></td></tr><tr><td align="left"><font color="white">dto =&gt; dto</font></td></tr><tr><td align="left"><font color="white">.SetItemsToDo(0)</font></td></tr><tr><td align="left"><font color="white">.SetBudgetRemaining(0)</font></td></tr></table>>]
"ProjectTypeDecision" -> "ToDoDecision" [label = "#default_option"]
"ToDoDecision" -> "DeadlineDecision" [label = "True"]
"DeadlineDecision" -> "MoveDeadlineResult" [label = "True"]
"MoveDeadlineResult" [style = "filled" penwidth = 1 fillcolor = "#28a745" fontname = "Courier New" shape = "Mrecord" label = <<table border="0" cellborder="0" cellpadding="3" bgcolor="#28a745"><tr><td bgcolor="#28a745" align="center"><font color="white">MoveDeadlineResult</font></td></tr><tr><td bgcolor="white" cellpadding="1"></td></tr><tr><td align="left"><font color="white">dto =&gt; dto</font></td></tr><tr><td align="left"><font color="white">.SetResult(\&quot;Timeline reevaluation needed.\&quot;)</font></td></tr></table>>]
"DeadlineDecision" -> "BudgetDecision" [label = "False"]
"BudgetDecision" -> "RequestBudgetResult" [label = "True"]
"RequestBudgetResult" [style = "filled" penwidth = 1 fillcolor = "#28a745" fontname = "Courier New" shape = "Mrecord" label = <<table border="0" cellborder="0" cellpadding="3" bgcolor="#28a745"><tr><td bgcolor="#28a745" align="center"><font color="white">RequestBudgetResult</font></td></tr><tr><td bgcolor="white" cellpadding="1"></td></tr><tr><td align="left"><font color="white">dto =&gt; dto</font></td></tr><tr><td align="left"><font color="white">.SetResult(\&quot;Not enough funds.\&quot;)</font></td></tr><tr><td align="left"><font color="white">.SetIsOnHold(True)</font></td></tr></table>>]
"BudgetDecision" -> "DoNothingResult" [label = "False"]
"BudgetDecision" [style = "filled" penwidth = 1 fillcolor = "#007bff" fontname = "Courier New" shape = "Mrecord" label = <<table border="0" cellborder="0" cellpadding="3" bgcolor="#007bff"><tr><td bgcolor="#007bff" align="center"><font color="white">BudgetDecision</font></td></tr><tr><td bgcolor="white" cellpadding="1"></td></tr><tr><td align="left"><font color="white">dto =&gt; (dto.Project.BudgetRemaining &lt; (dto.Project.ItemsToDo * 1000))</font></td></tr><tr><td bgcolor="white" cellpadding="1"></td></tr><tr><td align="left"><font color="white">dto =&gt; dto</font></td></tr><tr><td align="left"><font color="white">.SetIsBudgetReviewed(True)</font></td></tr></table>>]
"DeadlineDecision" [style = "filled" penwidth = 1 fillcolor = "#17a2b8" fontname = "Courier New" shape = "Mrecord" label = <<table border="0" cellborder="0" cellpadding="3" bgcolor="#17a2b8"><tr><td bgcolor="#17a2b8" align="center"><font color="white">DeadlineDecision</font></td></tr><tr><td bgcolor="white" cellpadding="1"></td></tr><tr><td align="left"><font color="white">dto =&gt; (dto.Project.TimeToDeadline.Days &lt; 7)</font></td></tr></table>>]
"ToDoDecision" -> "BudgetDecision" [label = "False"]
"ToDoDecision" [style = "filled" penwidth = 1 fillcolor = "#17a2b8" fontname = "Courier New" shape = "Mrecord" label = <<table border="0" cellborder="0" cellpadding="3" bgcolor="#17a2b8"><tr><td bgcolor="#17a2b8" align="center"><font color="white">ToDoDecision</font></td></tr><tr><td bgcolor="white" cellpadding="1"></td></tr><tr><td align="left"><font color="white">dto =&gt; (dto.Project.ItemsToDo &gt; 10)</font></td></tr></table>>]
"ProjectTypeDecision" [style = "filled" penwidth = 1 fillcolor = "#17a2b8" fontname = "Courier New" shape = "Mrecord" label = <<table border="0" cellborder="0" cellpadding="3" bgcolor="#17a2b8"><tr><td bgcolor="#17a2b8" align="center"><font color="white">ProjectTypeDecision</font></td></tr><tr><td bgcolor="white" cellpadding="1"></td></tr><tr><td align="left"><font color="white">dto =&gt; dto.Project.Type</font></td></tr></table>>]
"IsOnHoldDecision" [style = "filled" penwidth = 1 fillcolor = "#17a2b8" fontname = "Courier New" shape = "Mrecord" label = <<table border="0" cellborder="0" cellpadding="3" bgcolor="#17a2b8"><tr><td bgcolor="#17a2b8" align="center"><font color="white">IsOnHoldDecision</font></td></tr><tr><td bgcolor="white" cellpadding="1"></td></tr><tr><td align="left"><font color="white">dto =&gt; dto.Project.IsOnHold</font></td></tr></table>>]
"FinishedDecision" [style = "filled" penwidth = 1 fillcolor = "#17a2b8" fontname = "Courier New" shape = "Mrecord" label = <<table border="0" cellborder="0" cellpadding="3" bgcolor="#17a2b8"><tr><td bgcolor="#17a2b8" align="center"><font color="white">FinishedDecision</font></td></tr><tr><td bgcolor="white" cellpadding="1"></td></tr><tr><td align="left"><font color="white">dto =&gt; (dto.Project.ItemsToDo == 0)</font></td></tr></table>>]
}