digraph G {
"dto => (dto.Project.ItemsToDo == 0)" -> "FinishResult" [label = "True"]
"FinishResult" [style = "filled" penwidth = 1 fillcolor = "#28a745" fontname = "Courier New" shape = "Mrecord" label = <<table border="0" cellborder="0" cellpadding="3" bgcolor="#28a745"><tr><td bgcolor="#28a745" align="center"><font color="white">FinishResult</font></td></tr><tr><td bgcolor="white" cellpadding="1"></td></tr><tr><td align="left"><font color="white">dto =&gt; dto</font></td></tr><tr><td align="left"><font color="white">.SetResult(&quot;Project is finished.&quot;)</font></td></tr></table>>]
"dto => (dto.Project.ItemsToDo == 0)" -> "dto => dto.Project.IsOnHold" [label = "False"]
"dto => dto.Project.IsOnHold" -> "DoNothingResult" [label = "True"]
"DoNothingResult" [style = "filled" penwidth = 1 fillcolor = "#6c757d" fontname = "Courier New" shape = "Mrecord" label = <<table border="0" cellborder="0" cellpadding="3" bgcolor="#6c757d"><tr><td bgcolor="#6c757d" align="center"><font color="white">DoNothingResult</font></td></tr></table>>]
"dto => dto.Project.IsOnHold" -> "dto => dto.Project.Type" [label = "False"]
"dto => dto.Project.Type" -> "DoNothingResult" [label = "Internal"]
"dto => dto.Project.Type" -> "dto => (dto.Project.ItemsToDo > 10)" [label = "#default_option"]
"dto => (dto.Project.ItemsToDo > 10)" -> "dto => (dto.Project.TimeToDeadline.Days < 7)" [label = "True"]
"dto => (dto.Project.TimeToDeadline.Days < 7)" -> "MoveDeadlineResult" [label = "True"]
"MoveDeadlineResult" [style = "filled" penwidth = 1 fillcolor = "#28a745" fontname = "Courier New" shape = "Mrecord" label = <<table border="0" cellborder="0" cellpadding="3" bgcolor="#28a745"><tr><td bgcolor="#28a745" align="center"><font color="white">MoveDeadlineResult</font></td></tr><tr><td bgcolor="white" cellpadding="1"></td></tr><tr><td align="left"><font color="white">dto =&gt; dto</font></td></tr><tr><td align="left"><font color="white">.SetResult(&quot;Timeline reevaluation needed.&quot;)</font></td></tr></table>>]
"dto => (dto.Project.TimeToDeadline.Days < 7)" -> "dto => (dto.Project.BudgetRemaining < (dto.Project.ItemsToDo * 1000))" [label = "False"]
"dto => (dto.Project.BudgetRemaining < (dto.Project.ItemsToDo * 1000))" -> "RequestBudgetResult" [label = "True"]
"RequestBudgetResult" [style = "filled" penwidth = 1 fillcolor = "#28a745" fontname = "Courier New" shape = "Mrecord" label = <<table border="0" cellborder="0" cellpadding="3" bgcolor="#28a745"><tr><td bgcolor="#28a745" align="center"><font color="white">RequestBudgetResult</font></td></tr><tr><td bgcolor="white" cellpadding="1"></td></tr><tr><td align="left"><font color="white">dto =&gt; dto</font></td></tr><tr><td align="left"><font color="white">.SetResult(&quot;Not enough funds.&quot;)</font></td></tr><tr><td align="left"><font color="white">.SetIsOnHold(True)</font></td></tr></table>>]
"dto => (dto.Project.BudgetRemaining < (dto.Project.ItemsToDo * 1000))" -> "DoNothingResult" [label = "False"]
"dto => (dto.Project.BudgetRemaining < (dto.Project.ItemsToDo * 1000))" [style = "filled" penwidth = 1 fillcolor = "#007bff" fontname = "Courier New" shape = "Mrecord" label = <<table border="0" cellborder="0" cellpadding="3" bgcolor="#007bff"><tr><td bgcolor="#007bff" align="center"><font color="white">dto =&gt; (dto.Project.BudgetRemaining &lt; (dto.Project.ItemsToDo * 1000))</font></td></tr><tr><td bgcolor="white" cellpadding="1"></td></tr><tr><td align="left"><font color="white">dto =&gt; dto</font></td></tr><tr><td align="left"><font color="white">.SetIsBudgetReviewed(True)</font></td></tr></table>>]
"dto => (dto.Project.TimeToDeadline.Days < 7)" [style = "filled" penwidth = 1 fillcolor = "#17a2b8" fontname = "Courier New" shape = "Mrecord" label = <<table border="0" cellborder="0" cellpadding="3" bgcolor="#17a2b8"><tr><td bgcolor="#17a2b8" align="center"><font color="white">dto =&gt; (dto.Project.TimeToDeadline.Days &lt; 7)</font></td></tr></table>>]
"dto => (dto.Project.ItemsToDo > 10)" -> "dto => (dto.Project.BudgetRemaining < (dto.Project.ItemsToDo * 1000))" [label = "False"]
"dto => (dto.Project.ItemsToDo > 10)" [style = "filled" penwidth = 1 fillcolor = "#17a2b8" fontname = "Courier New" shape = "Mrecord" label = <<table border="0" cellborder="0" cellpadding="3" bgcolor="#17a2b8"><tr><td bgcolor="#17a2b8" align="center"><font color="white">dto =&gt; (dto.Project.ItemsToDo &gt; 10)</font></td></tr></table>>]
"dto => dto.Project.Type" [style = "filled" penwidth = 1 fillcolor = "#17a2b8" fontname = "Courier New" shape = "Mrecord" label = <<table border="0" cellborder="0" cellpadding="3" bgcolor="#17a2b8"><tr><td bgcolor="#17a2b8" align="center"><font color="white">dto =&gt; dto.Project.Type</font></td></tr></table>>]
"dto => dto.Project.IsOnHold" [style = "filled" penwidth = 1 fillcolor = "#17a2b8" fontname = "Courier New" shape = "Mrecord" label = <<table border="0" cellborder="0" cellpadding="3" bgcolor="#17a2b8"><tr><td bgcolor="#17a2b8" align="center"><font color="white">dto =&gt; dto.Project.IsOnHold</font></td></tr></table>>]
"dto => (dto.Project.ItemsToDo == 0)" [style = "filled" penwidth = 1 fillcolor = "#17a2b8" fontname = "Courier New" shape = "Mrecord" label = <<table border="0" cellborder="0" cellpadding="3" bgcolor="#17a2b8"><tr><td bgcolor="#17a2b8" align="center"><font color="white">dto =&gt; (dto.Project.ItemsToDo == 0)</font></td></tr></table>>]
}