digraph G {
rankdir = LR;
"[1] FinishedDecision" -> "[2] FinishResult" [label = "True"]
"[2] FinishResult" [style = "filled" penwidth = 1 fillcolor = "#28a745" fontname = "Courier New" shape = "Mrecord" label = <<table border="0" cellborder="0" cellpadding="3" bgcolor="#28a745"><tr><td bgcolor="#28a745" align="center"><font color="white">[2] FinishResult</font></td></tr></table>>]
"[1] FinishedDecision" -> "[3] False FinishedDecision - SendNotificationAction" [label = "False"]
"[3] False FinishedDecision - SendNotificationAction" -> "[4] IsOnHoldDecision" [label = "False"]
"[4] IsOnHoldDecision" -> "[5] DoNothingResult" [label = "True"]
"[5] DoNothingResult" [style = "filled" penwidth = 1 fillcolor = "#343a40" fontname = "Courier New" shape = "Mrecord" label = <<table border="0" cellborder="0" cellpadding="3" bgcolor="#343a40"><tr><td bgcolor="#343a40" align="center"><font color="white">[5] DoNothingResult</font></td></tr></table>>]
"[4] IsOnHoldDecision" -> "[6] ProjectTypeDecision" [label = "False"]
"[6] ProjectTypeDecision" -> "[7] Internal ProjectTypeDecision - SendNotificationAction" [label = "Internal"]
"[7] Internal ProjectTypeDecision - SendNotificationAction" -> "[8] ResetProjectAction" [label = "Internal"]
"[8] ResetProjectAction" -> "[9] DoNothingResult" [label = "Internal"]
"[9] DoNothingResult" [style = "filled" penwidth = 1 fillcolor = "#343a40" fontname = "Courier New" shape = "Mrecord" label = <<table border="0" cellborder="0" cellpadding="3" bgcolor="#343a40"><tr><td bgcolor="#343a40" align="center"><font color="white">[9] DoNothingResult</font></td></tr></table>>]
"[8] ResetProjectAction" [style = "filled" penwidth = 1 fillcolor = "#6c757d" fontname = "Courier New" shape = "Mrecord" label = <<table border="0" cellborder="0" cellpadding="3" bgcolor="#6c757d"><tr><td bgcolor="#6c757d" align="center"><font color="white">[8] ResetProjectAction</font></td></tr></table>>]
"[7] Internal ProjectTypeDecision - SendNotificationAction" [style = "filled" penwidth = 1 fillcolor = "#6c757d" fontname = "Courier New" shape = "Mrecord" label = <<table border="0" cellborder="0" cellpadding="3" bgcolor="#6c757d"><tr><td bgcolor="#6c757d" align="center"><font color="white">[7] Internal ProjectTypeDecision - SendNotificationAction</font></td></tr></table>>]
"[6] ProjectTypeDecision" -> "[10] ProjectSubTypeDecision" [label = "#null_path"]
"[10] ProjectSubTypeDecision" -> "[11] ToDoDecision" [label = "WordWide"]
"[11] ToDoDecision" -> "[12] DeadlineDecision" [label = "True"]
"[12] DeadlineDecision" -> "[13] True DeadlineDecision - SendNotificationAction" [label = "True"]
"[13] True DeadlineDecision - SendNotificationAction" -> "[14] MoveDeadlineResult" [label = "True"]
"[14] MoveDeadlineResult" [style = "filled" penwidth = 1 fillcolor = "#28a745" fontname = "Courier New" shape = "Mrecord" label = <<table border="0" cellborder="0" cellpadding="3" bgcolor="#28a745"><tr><td bgcolor="#28a745" align="center"><font color="white">[14] MoveDeadlineResult</font></td></tr></table>>]
"[13] True DeadlineDecision - SendNotificationAction" [style = "filled" penwidth = 1 fillcolor = "#6c757d" fontname = "Courier New" shape = "Mrecord" label = <<table border="0" cellborder="0" cellpadding="3" bgcolor="#6c757d"><tr><td bgcolor="#6c757d" align="center"><font color="white">[13] True DeadlineDecision - SendNotificationAction</font></td></tr></table>>]
"[12] DeadlineDecision" -> "[15] BudgetDecision" [label = "False"]
"[15] BudgetDecision" -> "[16] RequestBudgetResult" [label = "True"]
"[16] RequestBudgetResult" [style = "filled" penwidth = 1 fillcolor = "#28a745" fontname = "Courier New" shape = "Mrecord" label = <<table border="0" cellborder="0" cellpadding="3" bgcolor="#28a745"><tr><td bgcolor="#28a745" align="center"><font color="white">[16] RequestBudgetResult</font></td></tr></table>>]
"[15] BudgetDecision" -> "[17] DoNothingResult" [label = "False"]
"[17] DoNothingResult" [style = "filled" penwidth = 1 fillcolor = "#343a40" fontname = "Courier New" shape = "Mrecord" label = <<table border="0" cellborder="0" cellpadding="3" bgcolor="#343a40"><tr><td bgcolor="#343a40" align="center"><font color="white">[17] DoNothingResult</font></td></tr></table>>]
"[15] BudgetDecision" [style = "filled" penwidth = 1 fillcolor = "#007bff" fontname = "Courier New" shape = "Mrecord" label = <<table border="0" cellborder="0" cellpadding="3" bgcolor="#007bff"><tr><td bgcolor="#007bff" align="center"><font color="white">[15] BudgetDecision</font></td></tr></table>>]
"[12] DeadlineDecision" [style = "filled" penwidth = 1 fillcolor = "#17a2b8" fontname = "Courier New" shape = "Mrecord" label = <<table border="0" cellborder="0" cellpadding="3" bgcolor="#17a2b8"><tr><td bgcolor="#17a2b8" align="center"><font color="white">[12] DeadlineDecision</font></td></tr></table>>]
"[11] ToDoDecision" -> "[18] BudgetDecision" [label = "False"]
"[18] BudgetDecision" -> "[19] RequestBudgetResult" [label = "True"]
"[19] RequestBudgetResult" [style = "filled" penwidth = 1 fillcolor = "#28a745" fontname = "Courier New" shape = "Mrecord" label = <<table border="0" cellborder="0" cellpadding="3" bgcolor="#28a745"><tr><td bgcolor="#28a745" align="center"><font color="white">[19] RequestBudgetResult</font></td></tr></table>>]
"[18] BudgetDecision" -> "[20] DoNothingResult" [label = "False"]
"[20] DoNothingResult" [style = "filled" penwidth = 1 fillcolor = "#343a40" fontname = "Courier New" shape = "Mrecord" label = <<table border="0" cellborder="0" cellpadding="3" bgcolor="#343a40"><tr><td bgcolor="#343a40" align="center"><font color="white">[20] DoNothingResult</font></td></tr></table>>]
"[18] BudgetDecision" [style = "filled" penwidth = 1 fillcolor = "#007bff" fontname = "Courier New" shape = "Mrecord" label = <<table border="0" cellborder="0" cellpadding="3" bgcolor="#007bff"><tr><td bgcolor="#007bff" align="center"><font color="white">[18] BudgetDecision</font></td></tr></table>>]
"[11] ToDoDecision" [style = "filled" penwidth = 1 fillcolor = "#17a2b8" fontname = "Courier New" shape = "Mrecord" label = <<table border="0" cellborder="0" cellpadding="3" bgcolor="#17a2b8"><tr><td bgcolor="#17a2b8" align="center"><font color="white">[11] ToDoDecision</font></td></tr></table>>]
"[10] ProjectSubTypeDecision" -> "[21] ToDoDecision" [label = "Foreign"]
"[21] ToDoDecision" -> "[22] DeadlineDecision" [label = "True"]
"[22] DeadlineDecision" -> "[23] True DeadlineDecision - SendNotificationAction" [label = "True"]
"[23] True DeadlineDecision - SendNotificationAction" -> "[24] MoveDeadlineResult" [label = "True"]
"[24] MoveDeadlineResult" [style = "filled" penwidth = 1 fillcolor = "#28a745" fontname = "Courier New" shape = "Mrecord" label = <<table border="0" cellborder="0" cellpadding="3" bgcolor="#28a745"><tr><td bgcolor="#28a745" align="center"><font color="white">[24] MoveDeadlineResult</font></td></tr></table>>]
"[23] True DeadlineDecision - SendNotificationAction" [style = "filled" penwidth = 1 fillcolor = "#6c757d" fontname = "Courier New" shape = "Mrecord" label = <<table border="0" cellborder="0" cellpadding="3" bgcolor="#6c757d"><tr><td bgcolor="#6c757d" align="center"><font color="white">[23] True DeadlineDecision - SendNotificationAction</font></td></tr></table>>]
"[22] DeadlineDecision" -> "[25] BudgetDecision" [label = "False"]
"[25] BudgetDecision" -> "[26] RequestBudgetResult" [label = "True"]
"[26] RequestBudgetResult" [style = "filled" penwidth = 1 fillcolor = "#28a745" fontname = "Courier New" shape = "Mrecord" label = <<table border="0" cellborder="0" cellpadding="3" bgcolor="#28a745"><tr><td bgcolor="#28a745" align="center"><font color="white">[26] RequestBudgetResult</font></td></tr></table>>]
"[25] BudgetDecision" -> "[27] DoNothingResult" [label = "False"]
"[27] DoNothingResult" [style = "filled" penwidth = 1 fillcolor = "#343a40" fontname = "Courier New" shape = "Mrecord" label = <<table border="0" cellborder="0" cellpadding="3" bgcolor="#343a40"><tr><td bgcolor="#343a40" align="center"><font color="white">[27] DoNothingResult</font></td></tr></table>>]
"[25] BudgetDecision" [style = "filled" penwidth = 1 fillcolor = "#007bff" fontname = "Courier New" shape = "Mrecord" label = <<table border="0" cellborder="0" cellpadding="3" bgcolor="#007bff"><tr><td bgcolor="#007bff" align="center"><font color="white">[25] BudgetDecision</font></td></tr></table>>]
"[22] DeadlineDecision" [style = "filled" penwidth = 1 fillcolor = "#17a2b8" fontname = "Courier New" shape = "Mrecord" label = <<table border="0" cellborder="0" cellpadding="3" bgcolor="#17a2b8"><tr><td bgcolor="#17a2b8" align="center"><font color="white">[22] DeadlineDecision</font></td></tr></table>>]
"[21] ToDoDecision" -> "[28] BudgetDecision" [label = "False"]
"[28] BudgetDecision" -> "[29] RequestBudgetResult" [label = "True"]
"[29] RequestBudgetResult" [style = "filled" penwidth = 1 fillcolor = "#28a745" fontname = "Courier New" shape = "Mrecord" label = <<table border="0" cellborder="0" cellpadding="3" bgcolor="#28a745"><tr><td bgcolor="#28a745" align="center"><font color="white">[29] RequestBudgetResult</font></td></tr></table>>]
"[28] BudgetDecision" -> "[30] DoNothingResult" [label = "False"]
"[30] DoNothingResult" [style = "filled" penwidth = 1 fillcolor = "#343a40" fontname = "Courier New" shape = "Mrecord" label = <<table border="0" cellborder="0" cellpadding="3" bgcolor="#343a40"><tr><td bgcolor="#343a40" align="center"><font color="white">[30] DoNothingResult</font></td></tr></table>>]
"[28] BudgetDecision" [style = "filled" penwidth = 1 fillcolor = "#007bff" fontname = "Courier New" shape = "Mrecord" label = <<table border="0" cellborder="0" cellpadding="3" bgcolor="#007bff"><tr><td bgcolor="#007bff" align="center"><font color="white">[28] BudgetDecision</font></td></tr></table>>]
"[21] ToDoDecision" [style = "filled" penwidth = 1 fillcolor = "#17a2b8" fontname = "Courier New" shape = "Mrecord" label = <<table border="0" cellborder="0" cellpadding="3" bgcolor="#17a2b8"><tr><td bgcolor="#17a2b8" align="center"><font color="white">[21] ToDoDecision</font></td></tr></table>>]
"[10] ProjectSubTypeDecision" -> "[31] #null ProjectSubTypeDecision - SendNotificationAction" [label = "#null_path"]
"[31] #null ProjectSubTypeDecision - SendNotificationAction" -> "[32] ResetProjectAction" [label = "#null_path"]
"[32] ResetProjectAction" -> "[33] DoNothingResult" [label = "#null_path"]
"[33] DoNothingResult" [style = "filled" penwidth = 1 fillcolor = "#343a40" fontname = "Courier New" shape = "Mrecord" label = <<table border="0" cellborder="0" cellpadding="3" bgcolor="#343a40"><tr><td bgcolor="#343a40" align="center"><font color="white">[33] DoNothingResult</font></td></tr></table>>]
"[32] ResetProjectAction" [style = "filled" penwidth = 1 fillcolor = "#6c757d" fontname = "Courier New" shape = "Mrecord" label = <<table border="0" cellborder="0" cellpadding="3" bgcolor="#6c757d"><tr><td bgcolor="#6c757d" align="center"><font color="white">[32] ResetProjectAction</font></td></tr></table>>]
"[31] #null ProjectSubTypeDecision - SendNotificationAction" [style = "filled" penwidth = 1 fillcolor = "#6c757d" fontname = "Courier New" shape = "Mrecord" label = <<table border="0" cellborder="0" cellpadding="3" bgcolor="#6c757d"><tr><td bgcolor="#6c757d" align="center"><font color="white">[31] #null ProjectSubTypeDecision - SendNotificationAction</font></td></tr></table>>]
"[10] ProjectSubTypeDecision" -> "[34] ProjectAreaDecision" [label = "#default_path"]
"[34] ProjectAreaDecision" -> "[35] Hr ProjectAreaDecision - SendNotificationAction" [label = "Hr"]
"[35] Hr ProjectAreaDecision - SendNotificationAction" -> "[36] ResetProjectAction" [label = "Hr"]
"[36] ResetProjectAction" -> "[37] DoNothingResult" [label = "Hr"]
"[37] DoNothingResult" [style = "filled" penwidth = 1 fillcolor = "#343a40" fontname = "Courier New" shape = "Mrecord" label = <<table border="0" cellborder="0" cellpadding="3" bgcolor="#343a40"><tr><td bgcolor="#343a40" align="center"><font color="white">[37] DoNothingResult</font></td></tr></table>>]
"[36] ResetProjectAction" [style = "filled" penwidth = 1 fillcolor = "#6c757d" fontname = "Courier New" shape = "Mrecord" label = <<table border="0" cellborder="0" cellpadding="3" bgcolor="#6c757d"><tr><td bgcolor="#6c757d" align="center"><font color="white">[36] ResetProjectAction</font></td></tr></table>>]
"[35] Hr ProjectAreaDecision - SendNotificationAction" [style = "filled" penwidth = 1 fillcolor = "#6c757d" fontname = "Courier New" shape = "Mrecord" label = <<table border="0" cellborder="0" cellpadding="3" bgcolor="#6c757d"><tr><td bgcolor="#6c757d" align="center"><font color="white">[35] Hr ProjectAreaDecision - SendNotificationAction</font></td></tr></table>>]
"[34] ProjectAreaDecision" -> "[38] ToDoDecision" [label = "#default_path"]
"[38] ToDoDecision" -> "[39] DeadlineDecision" [label = "True"]
"[39] DeadlineDecision" -> "[40] True DeadlineDecision - SendNotificationAction" [label = "True"]
"[40] True DeadlineDecision - SendNotificationAction" -> "[41] MoveDeadlineResult" [label = "True"]
"[41] MoveDeadlineResult" [style = "filled" penwidth = 1 fillcolor = "#28a745" fontname = "Courier New" shape = "Mrecord" label = <<table border="0" cellborder="0" cellpadding="3" bgcolor="#28a745"><tr><td bgcolor="#28a745" align="center"><font color="white">[41] MoveDeadlineResult</font></td></tr></table>>]
"[40] True DeadlineDecision - SendNotificationAction" [style = "filled" penwidth = 1 fillcolor = "#6c757d" fontname = "Courier New" shape = "Mrecord" label = <<table border="0" cellborder="0" cellpadding="3" bgcolor="#6c757d"><tr><td bgcolor="#6c757d" align="center"><font color="white">[40] True DeadlineDecision - SendNotificationAction</font></td></tr></table>>]
"[39] DeadlineDecision" -> "[42] BudgetDecision" [label = "False"]
"[42] BudgetDecision" -> "[43] RequestBudgetResult" [label = "True"]
"[43] RequestBudgetResult" [style = "filled" penwidth = 1 fillcolor = "#28a745" fontname = "Courier New" shape = "Mrecord" label = <<table border="0" cellborder="0" cellpadding="3" bgcolor="#28a745"><tr><td bgcolor="#28a745" align="center"><font color="white">[43] RequestBudgetResult</font></td></tr></table>>]
"[42] BudgetDecision" -> "[44] DoNothingResult" [label = "False"]
"[44] DoNothingResult" [style = "filled" penwidth = 1 fillcolor = "#343a40" fontname = "Courier New" shape = "Mrecord" label = <<table border="0" cellborder="0" cellpadding="3" bgcolor="#343a40"><tr><td bgcolor="#343a40" align="center"><font color="white">[44] DoNothingResult</font></td></tr></table>>]
"[42] BudgetDecision" [style = "filled" penwidth = 1 fillcolor = "#007bff" fontname = "Courier New" shape = "Mrecord" label = <<table border="0" cellborder="0" cellpadding="3" bgcolor="#007bff"><tr><td bgcolor="#007bff" align="center"><font color="white">[42] BudgetDecision</font></td></tr></table>>]
"[39] DeadlineDecision" [style = "filled" penwidth = 1 fillcolor = "#17a2b8" fontname = "Courier New" shape = "Mrecord" label = <<table border="0" cellborder="0" cellpadding="3" bgcolor="#17a2b8"><tr><td bgcolor="#17a2b8" align="center"><font color="white">[39] DeadlineDecision</font></td></tr></table>>]
"[38] ToDoDecision" -> "[45] BudgetDecision" [label = "False"]
"[45] BudgetDecision" -> "[46] RequestBudgetResult" [label = "True"]
"[46] RequestBudgetResult" [style = "filled" penwidth = 1 fillcolor = "#28a745" fontname = "Courier New" shape = "Mrecord" label = <<table border="0" cellborder="0" cellpadding="3" bgcolor="#28a745"><tr><td bgcolor="#28a745" align="center"><font color="white">[46] RequestBudgetResult</font></td></tr></table>>]
"[45] BudgetDecision" -> "[47] DoNothingResult" [label = "False"]
"[47] DoNothingResult" [style = "filled" penwidth = 1 fillcolor = "#343a40" fontname = "Courier New" shape = "Mrecord" label = <<table border="0" cellborder="0" cellpadding="3" bgcolor="#343a40"><tr><td bgcolor="#343a40" align="center"><font color="white">[47] DoNothingResult</font></td></tr></table>>]
"[45] BudgetDecision" [style = "filled" penwidth = 1 fillcolor = "#007bff" fontname = "Courier New" shape = "Mrecord" label = <<table border="0" cellborder="0" cellpadding="3" bgcolor="#007bff"><tr><td bgcolor="#007bff" align="center"><font color="white">[45] BudgetDecision</font></td></tr></table>>]
"[38] ToDoDecision" [style = "filled" penwidth = 1 fillcolor = "#17a2b8" fontname = "Courier New" shape = "Mrecord" label = <<table border="0" cellborder="0" cellpadding="3" bgcolor="#17a2b8"><tr><td bgcolor="#17a2b8" align="center"><font color="white">[38] ToDoDecision</font></td></tr></table>>]
"[34] ProjectAreaDecision" [style = "filled" penwidth = 1 fillcolor = "#17a2b8" fontname = "Courier New" shape = "Mrecord" label = <<table border="0" cellborder="0" cellpadding="3" bgcolor="#17a2b8"><tr><td bgcolor="#17a2b8" align="center"><font color="white">[34] ProjectAreaDecision</font></td></tr></table>>]
"[10] ProjectSubTypeDecision" [style = "filled" penwidth = 1 fillcolor = "#17a2b8" fontname = "Courier New" shape = "Mrecord" label = <<table border="0" cellborder="0" cellpadding="3" bgcolor="#17a2b8"><tr><td bgcolor="#17a2b8" align="center"><font color="white">[10] ProjectSubTypeDecision</font></td></tr></table>>]
"[6] ProjectTypeDecision" -> "[48] ToDoDecision" [label = "#default_path"]
"[48] ToDoDecision" -> "[49] DeadlineDecision" [label = "True"]
"[49] DeadlineDecision" -> "[50] True DeadlineDecision - SendNotificationAction" [label = "True"]
"[50] True DeadlineDecision - SendNotificationAction" -> "[51] MoveDeadlineResult" [label = "True"]
"[51] MoveDeadlineResult" [style = "filled" penwidth = 1 fillcolor = "#28a745" fontname = "Courier New" shape = "Mrecord" label = <<table border="0" cellborder="0" cellpadding="3" bgcolor="#28a745"><tr><td bgcolor="#28a745" align="center"><font color="white">[51] MoveDeadlineResult</font></td></tr></table>>]
"[50] True DeadlineDecision - SendNotificationAction" [style = "filled" penwidth = 1 fillcolor = "#6c757d" fontname = "Courier New" shape = "Mrecord" label = <<table border="0" cellborder="0" cellpadding="3" bgcolor="#6c757d"><tr><td bgcolor="#6c757d" align="center"><font color="white">[50] True DeadlineDecision - SendNotificationAction</font></td></tr></table>>]
"[49] DeadlineDecision" -> "[52] BudgetDecision" [label = "False"]
"[52] BudgetDecision" -> "[53] RequestBudgetResult" [label = "True"]
"[53] RequestBudgetResult" [style = "filled" penwidth = 1 fillcolor = "#28a745" fontname = "Courier New" shape = "Mrecord" label = <<table border="0" cellborder="0" cellpadding="3" bgcolor="#28a745"><tr><td bgcolor="#28a745" align="center"><font color="white">[53] RequestBudgetResult</font></td></tr></table>>]
"[52] BudgetDecision" -> "[54] DoNothingResult" [label = "False"]
"[54] DoNothingResult" [style = "filled" penwidth = 1 fillcolor = "#343a40" fontname = "Courier New" shape = "Mrecord" label = <<table border="0" cellborder="0" cellpadding="3" bgcolor="#343a40"><tr><td bgcolor="#343a40" align="center"><font color="white">[54] DoNothingResult</font></td></tr></table>>]
"[52] BudgetDecision" [style = "filled" penwidth = 1 fillcolor = "#007bff" fontname = "Courier New" shape = "Mrecord" label = <<table border="0" cellborder="0" cellpadding="3" bgcolor="#007bff"><tr><td bgcolor="#007bff" align="center"><font color="white">[52] BudgetDecision</font></td></tr></table>>]
"[49] DeadlineDecision" [style = "filled" penwidth = 1 fillcolor = "#17a2b8" fontname = "Courier New" shape = "Mrecord" label = <<table border="0" cellborder="0" cellpadding="3" bgcolor="#17a2b8"><tr><td bgcolor="#17a2b8" align="center"><font color="white">[49] DeadlineDecision</font></td></tr></table>>]
"[48] ToDoDecision" -> "[55] BudgetDecision" [label = "False"]
"[55] BudgetDecision" -> "[56] RequestBudgetResult" [label = "True"]
"[56] RequestBudgetResult" [style = "filled" penwidth = 1 fillcolor = "#28a745" fontname = "Courier New" shape = "Mrecord" label = <<table border="0" cellborder="0" cellpadding="3" bgcolor="#28a745"><tr><td bgcolor="#28a745" align="center"><font color="white">[56] RequestBudgetResult</font></td></tr></table>>]
"[55] BudgetDecision" -> "[57] DoNothingResult" [label = "False"]
"[57] DoNothingResult" [style = "filled" penwidth = 1 fillcolor = "#343a40" fontname = "Courier New" shape = "Mrecord" label = <<table border="0" cellborder="0" cellpadding="3" bgcolor="#343a40"><tr><td bgcolor="#343a40" align="center"><font color="white">[57] DoNothingResult</font></td></tr></table>>]
"[55] BudgetDecision" [style = "filled" penwidth = 1 fillcolor = "#007bff" fontname = "Courier New" shape = "Mrecord" label = <<table border="0" cellborder="0" cellpadding="3" bgcolor="#007bff"><tr><td bgcolor="#007bff" align="center"><font color="white">[55] BudgetDecision</font></td></tr></table>>]
"[48] ToDoDecision" [style = "filled" penwidth = 1 fillcolor = "#17a2b8" fontname = "Courier New" shape = "Mrecord" label = <<table border="0" cellborder="0" cellpadding="3" bgcolor="#17a2b8"><tr><td bgcolor="#17a2b8" align="center"><font color="white">[48] ToDoDecision</font></td></tr></table>>]
"[6] ProjectTypeDecision" [style = "filled" penwidth = 1 fillcolor = "#17a2b8" fontname = "Courier New" shape = "Mrecord" label = <<table border="0" cellborder="0" cellpadding="3" bgcolor="#17a2b8"><tr><td bgcolor="#17a2b8" align="center"><font color="white">[6] ProjectTypeDecision</font></td></tr></table>>]
"[4] IsOnHoldDecision" [style = "filled" penwidth = 1 fillcolor = "#17a2b8" fontname = "Courier New" shape = "Mrecord" label = <<table border="0" cellborder="0" cellpadding="3" bgcolor="#17a2b8"><tr><td bgcolor="#17a2b8" align="center"><font color="white">[4] IsOnHoldDecision</font></td></tr></table>>]
"[3] False FinishedDecision - SendNotificationAction" [style = "filled" penwidth = 1 fillcolor = "#6c757d" fontname = "Courier New" shape = "Mrecord" label = <<table border="0" cellborder="0" cellpadding="3" bgcolor="#6c757d"><tr><td bgcolor="#6c757d" align="center"><font color="white">[3] False FinishedDecision - SendNotificationAction</font></td></tr></table>>]
"[1] FinishedDecision" [style = "filled" penwidth = 1 fillcolor = "#17a2b8" fontname = "Courier New" shape = "Mrecord" label = <<table border="0" cellborder="0" cellpadding="3" bgcolor="#17a2b8"><tr><td bgcolor="#17a2b8" align="center"><font color="white">[1] FinishedDecision</font></td></tr></table>>]
}