digraph G {
"FinishedDecision" -> "FinishResult" [label = "True"]
"FinishResult" [style = "filled" penwidth = 1 fillcolor = "#28a745" fontname = "Courier New" shape = "Mrecord" label = <<table border = "0" cellborder = "0" cellpadding = "3" bgcolor = "#28a745"><tr><td bgcolor = "#28a745" align = "center"><font color = "#ffffff">FinishResult</font></td></tr></table>>]
"FinishedDecision" -> "False FinishedDecision - SendNotificationAction" [label = "False"]
"False FinishedDecision - SendNotificationAction" -> "IsOnHoldDecision" [label = "False"]
"IsOnHoldDecision" -> "DoNothingResult" [label = "True"]
"DoNothingResult" [style = "filled" penwidth = 1 fillcolor = "#343a40" fontname = "Courier New" shape = "Mrecord" label = <<table border = "0" cellborder = "0" cellpadding = "3" bgcolor = "#343a40"><tr><td bgcolor = "#343a40" align = "center"><font color = "#ffffff">DoNothingResult</font></td></tr></table>>]
"IsOnHoldDecision" -> "ProjectTypeDecision" [label = "False"]
"ProjectTypeDecision" -> "Internal ProjectTypeDecision - SendNotificationAction" [label = "Internal"]
"Internal ProjectTypeDecision - SendNotificationAction" -> "ResetProjectAction" [label = "Internal"]
"ResetProjectAction" -> "DoNothingResult" [label = "Internal"]
"ResetProjectAction" [style = "filled" penwidth = 1 fillcolor = "#6c757d" fontname = "Courier New" shape = "Mrecord" label = <<table border = "0" cellborder = "0" cellpadding = "3" bgcolor = "#6c757d"><tr><td bgcolor = "#6c757d" align = "center"><font color = "#ffffff">ResetProjectAction</font></td></tr></table>>]
"Internal ProjectTypeDecision - SendNotificationAction" [style = "filled" penwidth = 1 fillcolor = "#6c757d" fontname = "Courier New" shape = "Mrecord" label = <<table border = "0" cellborder = "0" cellpadding = "3" bgcolor = "#6c757d"><tr><td bgcolor = "#6c757d" align = "center"><font color = "#ffffff">Internal ProjectTypeDecision - SendNotificationAction</font></td></tr></table>>]
"ProjectTypeDecision" -> "ProjectSubTypeDecision" [label = "#null_path"]
"ProjectSubTypeDecision" -> "ToDoDecision" [label = "WordWide"]
"ToDoDecision" -> "DeadlineDecision" [label = "True"]
"DeadlineDecision" -> "True DeadlineDecision - SendNotificationAction" [label = "True"]
"True DeadlineDecision - SendNotificationAction" -> "MoveDeadlineResult" [label = "True"]
"MoveDeadlineResult" [style = "filled" penwidth = 1 fillcolor = "#28a745" fontname = "Courier New" shape = "Mrecord" label = <<table border = "0" cellborder = "0" cellpadding = "3" bgcolor = "#28a745"><tr><td bgcolor = "#28a745" align = "center"><font color = "#ffffff">MoveDeadlineResult</font></td></tr></table>>]
"True DeadlineDecision - SendNotificationAction" [style = "filled" penwidth = 1 fillcolor = "#6c757d" fontname = "Courier New" shape = "Mrecord" label = <<table border = "0" cellborder = "0" cellpadding = "3" bgcolor = "#6c757d"><tr><td bgcolor = "#6c757d" align = "center"><font color = "#ffffff">True DeadlineDecision - SendNotificationAction</font></td></tr></table>>]
"DeadlineDecision" -> "BudgetDecision" [label = "False"]
"BudgetDecision" -> "RequestBudgetResult" [label = "True"]
"RequestBudgetResult" [style = "filled" penwidth = 1 fillcolor = "#28a745" fontname = "Courier New" shape = "Mrecord" label = <<table border = "0" cellborder = "0" cellpadding = "3" bgcolor = "#28a745"><tr><td bgcolor = "#28a745" align = "center"><font color = "#ffffff">RequestBudgetResult</font></td></tr></table>>]
"BudgetDecision" -> "DoNothingResult" [label = "False"]
"BudgetDecision" [style = "filled" penwidth = 1 fillcolor = "#007bff" fontname = "Courier New" shape = "Mrecord" label = <<table border = "0" cellborder = "0" cellpadding = "3" bgcolor = "#007bff"><tr><td bgcolor = "#007bff" align = "center"><font color = "#ffffff">BudgetDecision</font></td></tr></table>>]
"DeadlineDecision" [style = "filled" penwidth = 1 fillcolor = "#17a2b8" fontname = "Courier New" shape = "Mrecord" label = <<table border = "0" cellborder = "0" cellpadding = "3" bgcolor = "#17a2b8"><tr><td bgcolor = "#17a2b8" align = "center"><font color = "#ffffff">DeadlineDecision</font></td></tr></table>>]
"ToDoDecision" -> "BudgetDecision" [label = "False"]
"ToDoDecision" [style = "filled" penwidth = 1 fillcolor = "#17a2b8" fontname = "Courier New" shape = "Mrecord" label = <<table border = "0" cellborder = "0" cellpadding = "3" bgcolor = "#17a2b8"><tr><td bgcolor = "#17a2b8" align = "center"><font color = "#ffffff">ToDoDecision</font></td></tr></table>>]
"ProjectSubTypeDecision" -> "ToDoDecision" [label = "Foreign"]
"ProjectSubTypeDecision" -> "#null ProjectSubTypeDecision - SendNotificationAction" [label = "#null_path"]
"#null ProjectSubTypeDecision - SendNotificationAction" -> "ResetProjectAction" [label = "#null_path"]
"ResetProjectAction" -> "DoNothingResult" [label = "#null_path"]
"#null ProjectSubTypeDecision - SendNotificationAction" [style = "filled" penwidth = 1 fillcolor = "#6c757d" fontname = "Courier New" shape = "Mrecord" label = <<table border = "0" cellborder = "0" cellpadding = "3" bgcolor = "#6c757d"><tr><td bgcolor = "#6c757d" align = "center"><font color = "#ffffff">#null ProjectSubTypeDecision - SendNotificationAction</font></td></tr></table>>]
"ProjectSubTypeDecision" -> "ProjectAreaDecision" [label = "#default_path"]
"ProjectAreaDecision" -> "Hr ProjectAreaDecision - SendNotificationAction" [label = "Hr"]
"Hr ProjectAreaDecision - SendNotificationAction" -> "ResetProjectAction" [label = "Hr"]
"ResetProjectAction" -> "DoNothingResult" [label = "Hr"]
"Hr ProjectAreaDecision - SendNotificationAction" [style = "filled" penwidth = 1 fillcolor = "#6c757d" fontname = "Courier New" shape = "Mrecord" label = <<table border = "0" cellborder = "0" cellpadding = "3" bgcolor = "#6c757d"><tr><td bgcolor = "#6c757d" align = "center"><font color = "#ffffff">Hr ProjectAreaDecision - SendNotificationAction</font></td></tr></table>>]
"ProjectAreaDecision" -> "ToDoDecision" [label = "#default_path"]
"ProjectAreaDecision" [style = "filled" penwidth = 1 fillcolor = "#17a2b8" fontname = "Courier New" shape = "Mrecord" label = <<table border = "0" cellborder = "0" cellpadding = "3" bgcolor = "#17a2b8"><tr><td bgcolor = "#17a2b8" align = "center"><font color = "#ffffff">ProjectAreaDecision</font></td></tr></table>>]
"ProjectSubTypeDecision" [style = "filled" penwidth = 1 fillcolor = "#17a2b8" fontname = "Courier New" shape = "Mrecord" label = <<table border = "0" cellborder = "0" cellpadding = "3" bgcolor = "#17a2b8"><tr><td bgcolor = "#17a2b8" align = "center"><font color = "#ffffff">ProjectSubTypeDecision</font></td></tr></table>>]
"ProjectTypeDecision" -> "ToDoDecision" [label = "#default_path"]
"ProjectTypeDecision" [style = "filled" penwidth = 1 fillcolor = "#17a2b8" fontname = "Courier New" shape = "Mrecord" label = <<table border = "0" cellborder = "0" cellpadding = "3" bgcolor = "#17a2b8"><tr><td bgcolor = "#17a2b8" align = "center"><font color = "#ffffff">ProjectTypeDecision</font></td></tr></table>>]
"IsOnHoldDecision" [style = "filled" penwidth = 1 fillcolor = "#17a2b8" fontname = "Courier New" shape = "Mrecord" label = <<table border = "0" cellborder = "0" cellpadding = "3" bgcolor = "#17a2b8"><tr><td bgcolor = "#17a2b8" align = "center"><font color = "#ffffff">IsOnHoldDecision</font></td></tr></table>>]
"False FinishedDecision - SendNotificationAction" [style = "filled" penwidth = 1 fillcolor = "#6c757d" fontname = "Courier New" shape = "Mrecord" label = <<table border = "0" cellborder = "0" cellpadding = "3" bgcolor = "#6c757d"><tr><td bgcolor = "#6c757d" align = "center"><font color = "#ffffff">False FinishedDecision - SendNotificationAction</font></td></tr></table>>]
"FinishedDecision" [style = "filled" penwidth = 1 fillcolor = "#17a2b8" fontname = "Courier New" shape = "Mrecord" label = <<table border = "0" cellborder = "0" cellpadding = "3" bgcolor = "#17a2b8"><tr><td bgcolor = "#17a2b8" align = "center"><font color = "#ffffff">FinishedDecision</font></td></tr></table>>]
}